app-root) (app-root) ssh workstation; exit
@@@@@@@@@@@@@@@@@@@@@@@@@@@@@@@@@@@@@@@@@@@@@@@@@@@@@@@@@@@
@    WARNING: REMOTE HOST IDENTIFICATION HAS CHANGED!     @
@@@@@@@@@@@@@@@@@@@@@@@@@@@@@@@@@@@@@@@@@@@@@@@@@@@@@@@@@@@
IT IS POSSIBLE THAT SOMEONE IS DOING SOMETHING NASTY!
Someone could be eavesdropping on you right now (man-in-the-middle attack)!
It is also possible that a host key has just been changed.
The fingerprint for the ED25519 key sent by the remote host is
SHA256:2vjSbnsKdBKI4rPjYoQhWTBdKr7qe7aEy1DyGE1P5xU.
Please contact your system administrator.
Add correct host key in /home/student/.ssh/known_hosts to get rid of this message.
Offending ECDSA key in /home/student/.ssh/known_hosts:4
Password authentication is disabled to avoid man-in-the-middle attacks.
Keyboard-interactive authentication is disabled to avoid man-in-the-middle attacks.
UpdateHostkeys is disabled because the host key is not trusted.
Activate the web console with: systemctl enable --now cockpit.socket

Register this system with Red Hat Insights: insights-client --register
Create an account or view all your systems at https://red.ht/insights-dashboard
Last login: Mon Mar  3 09:05:55 2025 from 10.88.0.2
[student@workstation ~]$ oc login -u admin -p redhatocp https://api.ocp4.example.com:6443
Login successful.

You have access to 72 projects, the list has been suppressed. You can list all projects with 'oc projects'

Using project "kube-system".
[student@workstation ~]$ oc get nodes 
NAME       STATUS   ROLES                         AGE    VERSION
master01   Ready    control-plane,master,worker   405d   v1.27.6+f67aeb3
[student@workstation ~]$ kubectl create deployment db-pod --port 3306 \
  --image registry.ocp4.example.com:8443/rhel8/mysql-80
deployment.apps/db-pod created
[student@workstation ~]$ oc get pods 
NAME                      READY   STATUS                   RESTARTS     AGE
db-pod-76486b9446-2hgdq   0/1     CrashLoopBackOff         1 (5s ago)   8s
master01-debug-r474d      0/1     ContainerStatusUnknown   1            37m
[student@workstation ~]$ kubectl delete deployment db-pod-76486b9446-2hgdq
Error from server (NotFound): deployments.apps "db-pod-76486b9446-2hgdq" not found
[student@workstation ~]$ oc get pods 
NAME                      READY   STATUS                   RESTARTS      AGE
db-pod-76486b9446-2hgdq   0/1     CrashLoopBackOff         2 (16s ago)   33s
master01-debug-r474d      0/1     ContainerStatusUnknown   1             37m
[student@workstation ~]$ kubectl delete deployment  pod db-pod-76486b9446-2hgdq
Error from server (NotFound): deployments.apps "pod" not found
Error from server (NotFound): deployments.apps "db-pod-76486b9446-2hgdq" not found
[student@workstation ~]$ kubectl delete deployment   db-pod-76486b9446-2hgdq
Error from server (NotFound): deployments.apps "db-pod-76486b9446-2hgdq" not found
[student@workstation ~]$ oc get deployment 
NAME     READY   UP-TO-DATE   AVAILABLE   AGE
db-pod   0/1     1            0           66s
[student@workstation ~]$ oc delete deployment db-pod 
deployment.apps "db-pod" deleted
[student@workstation ~]$ oc new-project vikas
Now using project "vikas" on server "https://api.ocp4.example.com:6443".

You can add applications to this project with the 'new-app' command. For example, try:

    oc new-app rails-postgresql-example

to build a new example application in Ruby. Or use kubectl to deploy a simple Kubernetes application:

    kubectl create deployment hello-node --image=registry.k8s.io/e2e-test-images/agnhost:2.43 -- /agnhost serve-hostname

[student@workstation ~]$ oc project vikas
Already on project "vikas" on server "https://api.ocp4.example.com:6443".
[student@workstation ~]$ oc get pods 
No resources found in vikas namespace.
[student@workstation ~]$  kubectl create deployment db-pod --port 3306 \
  --image registry.ocp4.example.com:8443/rhel8/mysql-80
deployment.apps/db-pod created
[student@workstation ~]$ kubectl set env deployment/db-pod \
  MYSQL_USER='user1' \
  MYSQL_PASSWORD='mypa55w0rd' \
  MYSQL_DATABASE='items'
deployment.apps/db-pod env updated
[student@workstation ~]$ oc get pods
NAME                     READY   STATUS    RESTARTS   AGE
db-pod-ddf6fd4b6-b6h6q   1/1     Running   0          3s
[student@workstation ~]$ oc logs db-pod-ddf6fd4b6-b6h6q
=> sourcing 20-validate-variables.sh ...
=> sourcing 25-validate-replication-variables.sh ...
=> sourcing 30-base-config.sh ...
---> 14:20:20     Processing basic MySQL configuration files ...
=> sourcing 60-replication-config.sh ...
=> sourcing 70-s2i-config.sh ...
---> 14:20:20     Processing additional arbitrary  MySQL configuration provided by s2i ...
=> sourcing 20-default-authentication-plugin.cnf ...
=> sourcing 40-paas.cnf ...
=> sourcing 50-my-tuning.cnf ...
---> 14:20:20     Initializing database ...
---> 14:20:20     Running /usr/libexec/mysqld --initialize --datadir=/var/lib/mysql/data
---> 14:20:26     Starting MySQL server with disabled networking ...
---> 14:20:26     Waiting for MySQL to start ...
2025-03-03T14:20:26.271393Z 0 [Warning] [MY-011070] [Server] 'Disabling symbolic links using --skip-symbolic-links (or equivalent) is the default. Consider not using this option as it' is deprecated and will be removed in a future release.
2025-03-03T14:20:26.274979Z 0 [System] [MY-010116] [Server] /usr/libexec/mysqld (mysqld 8.0.32) starting as process 80
2025-03-03T14:20:26.291607Z 0 [Warning] [MY-013907] [InnoDB] Deprecated configuration parameters innodb_log_file_size and/or innodb_log_files_in_group have been used to compute innodb_redo_log_capacity=16777216. Please use innodb_redo_log_capacity instead.
2025-03-03T14:20:26.294419Z 1 [System] [MY-013576] [InnoDB] InnoDB initialization has started.
2025-03-03T14:20:26.500182Z 1 [System] [MY-013577] [InnoDB] InnoDB initialization has ended.
2025-03-03T14:20:26.839843Z 0 [Warning] [MY-010068] [Server] CA certificate ca.pem is self signed.
2025-03-03T14:20:26.839885Z 0 [System] [MY-013602] [Server] Channel mysql_main configured to support TLS. Encrypted connections are now supported for this channel.
2025-03-03T14:20:26.869102Z 0 [System] [MY-011323] [Server] X Plugin ready for connections. Socket: /var/lib/mysql/mysqlx.sock
2025-03-03T14:20:26.869271Z 0 [System] [MY-010931] [Server] /usr/libexec/mysqld: ready for connections. Version: '8.0.32'  socket: '/tmp/mysql.sock'  port: 0  Source distribution.
---> 14:20:27     MySQL started successfully
mysql: [Warning] Using a password on the command line interface can be insecure.
The mysql_upgrade client is now deprecated. The actions executed by the upgrade client are now done by the server.
To upgrade, please start the new MySQL binary with the older data directory. Repairing user tables is done automatically. Restart is not required after upgrade.
The upgrade process automatically starts on running a new MySQL binary with an older data directory. To avoid accidental upgrades, please use the --upgrade=NONE option with the MySQL binary. The option --upgrade=FORCE is also provided to run the server upgrade sequence on demand.
It may be possible that the server upgrade fails due to a number of reasons. In that case, the upgrade sequence will run again during the next MySQL server start. If the server upgrade fails repeatedly, the server can be started with the --upgrade=MINIMAL option to start the server without executing the upgrade sequence, thus allowing users to manually rectify the problem.
---> 14:20:27     Creating user specified by MYSQL_USER (user1) ...
---> 14:20:27     Creating database items ...
---> 14:20:27     Granting privileges to user user1 for items ...
---> 14:20:27     Initialization finished
=> sourcing 40-datadir-action.sh ...
---> 14:20:27     Running datadir action: upgrade-warn
---> 14:20:27     Warning: Version of the data could not be determined. It is because the file mysql_upgrade_info is missing in the data directory, which is most probably because it was not created when initialization of data directory. In order to allow seamless updates to the next higher version in the future, the file mysql_upgrade_info will be created. If the data directory was created with a different version than 8.0, it is required to run this container with the MYSQL_DATADIR_ACTION environment variable set to 'force', or run 'mysql_upgrade' utility manually; the mysql_upgrade tool checks the tables and creates such a file as well. For upstream documentation about upgrading, see: https://dev.mysql.com/doc/refman/8.0/en/upgrading-from-previous-series.html
---> 14:20:27     Storing version '8.0.32' information into the data dir '/var/lib/mysql/data/mysql_upgrade_info'
=> sourcing 50-passwd-change.sh ...
---> 14:20:27     Setting passwords ...
---> 14:20:27     Shutting down MySQL ...
2025-03-03T14:20:27.340374Z 16 [System] [MY-013172] [Server] Received SHUTDOWN from user root. Shutting down mysqld (Version: 8.0.32).
2025-03-03T14:20:28.323202Z 0 [System] [MY-010910] [Server] /usr/libexec/mysqld: Shutdown complete (mysqld 8.0.32)  Source distribution.
---> 14:20:28     Cleaning up environment variables MYSQL_USER, MYSQL_PASSWORD, MYSQL_DATABASE and MYSQL_ROOT_PASSWORD ...
---> 14:20:28     Running final exec -- Only MySQL server logs after this point
2025-03-03T14:20:28.648027Z 0 [Warning] [MY-011070] [Server] 'Disabling symbolic links using --skip-symbolic-links (or equivalent) is the default. Consider not using this option as it' is deprecated and will be removed in a future release.
2025-03-03T14:20:28.650122Z 0 [System] [MY-010116] [Server] /usr/libexec/mysqld (mysqld 8.0.32) starting as process 1
2025-03-03T14:20:28.656639Z 0 [Warning] [MY-013907] [InnoDB] Deprecated configuration parameters innodb_log_file_size and/or innodb_log_files_in_group have been used to compute innodb_redo_log_capacity=16777216. Please use innodb_redo_log_capacity instead.
2025-03-03T14:20:28.658561Z 1 [System] [MY-013576] [InnoDB] InnoDB initialization has started.
2025-03-03T14:20:28.789835Z 1 [System] [MY-013577] [InnoDB] InnoDB initialization has ended.
2025-03-03T14:20:29.340203Z 0 [Warning] [MY-010068] [Server] CA certificate ca.pem is self signed.
2025-03-03T14:20:29.340242Z 0 [System] [MY-013602] [Server] Channel mysql_main configured to support TLS. Encrypted connections are now supported for this channel.
2025-03-03T14:20:29.367467Z 0 [System] [MY-010931] [Server] /usr/libexec/mysqld: ready for connections. Version: '8.0.32'  socket: '/var/lib/mysql/mysql.sock'  port: 3306  Source distribution.
2025-03-03T14:20:29.367459Z 0 [System] [MY-011323] [Server] X Plugin ready for connections. Bind-address: '::' port: 33060, socket: /var/lib/mysql/mysqlx.sock
[student@workstation ~]$  kubectl create deployment hello-openshift -o yaml \
  --image registry.ocp4.example.com:8443/redhattraining/hello-world-nginx:v1.0 \
  --save-config \ 1
  --dry-run=client \ 2
  > ~/my-app/example-deployment.yaml
error: exactly one NAME is required, got 2
See 'kubectl create deployment -h' for help and examples
bash: --dry-run=client: command not found...
Failed to search for file: GDBus.Error:org.freedesktop.DBus.Error.NameHasNoOwner: Could not activate remote peer.
-bash: /home/student/my-app/example-deployment.yaml: No such file or directory
[student@workstation ~]$ kubectl create deployment hello-openshift -o yaml \
  --image registry.ocp4.example.com:8443/redhattraining/hello-world-nginx:v1.0 \
  --save-config \ 1
  --dry-run=client \ 2
error: exactly one NAME is required, got 2
See 'kubectl create deployment -h' for help and examples
bash: --dry-run=client: command not found...
Failed to search for file: GDBus.Error:org.freedesktop.DBus.Error.NameHasNoOwner: Could not activate remote peer.
[student@workstation ~]$ kubectl create deployment hello-openshift -o yaml \
  --image registry.ocp4.example.com:8443/redhattraining/hello-world-nginx:v1.0 \
  --save-config \ 
  --dry-run=client \ 
error: exactly one NAME is required, got 2
See 'kubectl create deployment -h' for help and examples
bash: --dry-run=client: command not found...
Failed to search for file: GDBus.Error:org.freedesktop.DBus.Error.NameHasNoOwner: Could not activate remote peer.
[student@workstation ~]$ kubectl create deployment hello-openshift -o yaml   --image registry.ocp4.example.com:8443/redhattraining/hello-world-nginx:v1.0 --save-config --dry-run=client 
apiVersion: apps/v1
kind: Deployment
metadata:
  annotations:
    kubectl.kubernetes.io/last-applied-configuration: |
      {"kind":"Deployment","apiVersion":"apps/v1","metadata":{"name":"hello-openshift","creationTimestamp":null,"labels":{"app":"hello-openshift"}},"spec":{"replicas":1,"selector":{"matchLabels":{"app":"hello-openshift"}},"template":{"metadata":{"creationTimestamp":null,"labels":{"app":"hello-openshift"}},"spec":{"containers":[{"name":"hello-world-nginx","image":"registry.ocp4.example.com:8443/redhattraining/hello-world-nginx:v1.0","resources":{}}]}},"strategy":{}},"status":{}}
  creationTimestamp: null
  labels:
    app: hello-openshift
  name: hello-openshift
spec:
  replicas: 1
  selector:
    matchLabels:
      app: hello-openshift
  strategy: {}
  template:
    metadata:
      creationTimestamp: null
      labels:
        app: hello-openshift
    spec:
      containers:
      - image: registry.ocp4.example.com:8443/redhattraining/hello-world-nginx:v1.0
        name: hello-world-nginx
        resources: {}
status: {}
[student@workstation ~]$ kubectl create deployment hello-openshift -o yaml   --image registry.ocp4.example.com:8443/redhattraining/hello-world-nginx:v1.0  --dry-run=client 
apiVersion: apps/v1
kind: Deployment
metadata:
  creationTimestamp: null
  labels:
    app: hello-openshift
  name: hello-openshift
spec:
  replicas: 1
  selector:
    matchLabels:
      app: hello-openshift
  strategy: {}
  template:
    metadata:
      creationTimestamp: null
      labels:
        app: hello-openshift
    spec:
      containers:
      - image: registry.ocp4.example.com:8443/redhattraining/hello-world-nginx:v1.0
        name: hello-world-nginx
        resources: {}
status: {}
[student@workstation ~]$ kubectl create deployment hello-openshift -o yaml   --image registry.ocp4.example.com:8443/redhattraining/hello-world-nginx:v1.0  --dry-run=server
apiVersion: apps/v1
kind: Deployment
metadata:
  creationTimestamp: "2025-03-03T14:26:19Z"
  generation: 1
  labels:
    app: hello-openshift
  name: hello-openshift
  namespace: vikas
  uid: 7fbcb967-66b5-4b80-b5a5-1c70a5e04973
spec:
  progressDeadlineSeconds: 600
  replicas: 1
  revisionHistoryLimit: 10
  selector:
    matchLabels:
      app: hello-openshift
  strategy:
    rollingUpdate:
      maxSurge: 25%
      maxUnavailable: 25%
    type: RollingUpdate
  template:
    metadata:
      creationTimestamp: null
      labels:
        app: hello-openshift
    spec:
      containers:
      - image: registry.ocp4.example.com:8443/redhattraining/hello-world-nginx:v1.0
        imagePullPolicy: IfNotPresent
        name: hello-world-nginx
        resources: {}
        terminationMessagePath: /dev/termination-log
        terminationMessagePolicy: File
      dnsPolicy: ClusterFirst
      restartPolicy: Always
      schedulerName: default-scheduler
      securityContext: {}
      terminationGracePeriodSeconds: 30
status: {}
[student@workstation ~]$ kubectl create deployment hello-openshift -o yaml   --image registry.ocp4.example.com:8443/redhattraining/hello-world-nginx:v1.0 --save-config --dry-run=client >save.yaml
[student@workstation ~]$ kubectl create deployment hello-openshift -o yaml   --image registry.ocp4.example.com:8443/redhattraining/hello-world-nginx:v1.0 --save-config --dry-run=client >client.yaml
[student@workstation ~]$ kubectl create deployment hello-openshift -o yaml   --image registry.ocp4.example.com:8443/redhattraining/hello-world-nginx:v1.0 --save-config --dry-run=server >client.yaml
[student@workstation ~]$ ls
DO280    Documents  Music     Public     Untitled.ipynb   Videos       save.yaml
Desktop  Downloads  Pictures  Templates  Untitled1.ipynb  client.yaml
[student@workstation ~]$ ls -lrth 
total 16K
drwxr-xr-x. 2 student student    6 Jan 23  2024 Videos
drwxr-xr-x. 2 student student    6 Jan 23  2024 Templates
drwxr-xr-x. 2 student student    6 Jan 23  2024 Public
drwxr-xr-x. 2 student student    6 Jan 23  2024 Pictures
drwxr-xr-x. 2 student student    6 Jan 23  2024 Music
drwxr-xr-x. 2 student student    6 Jan 23  2024 Downloads
drwxr-xr-x. 2 student student    6 Jan 23  2024 Documents
drwxr-xr-x. 2 student student    6 Jan 23  2024 Desktop
-rw-r--r--. 1 student student   72 Mar  3 07:49 Untitled.ipynb
drwxr-xr-x. 4 student student   35 Mar  3 08:01 DO280
-rw-r--r--. 1 student student   72 Mar  3 09:06 Untitled1.ipynb
-rw-r--r--. 1 student student 1.1K Mar  3 09:27 save.yaml
-rw-r--r--. 1 student student 1.6K Mar  3 09:27 client.yaml
[student@workstation ~]$ kubectl create deployment hello-openshift -o yaml   --image registry.ocp4.example.com:8443/redhattraining/hello-world-nginx:v1.0 --save-config --dry-run=server >server.yaml
[student@workstation ~]$ ls -ltotal 20
drwxr-xr-x. 4 student student   35 Mar  3 08:01 DO280
drwxr-xr-x. 2 student student    6 Jan 23  2024 Desktop
drwxr-xr-x. 2 student student    6 Jan 23  2024 Documents
drwxr-xr-x. 2 student student    6 Jan 23  2024 Downloads
drwxr-xr-x. 2 student student    6 Jan 23  2024 Music
drwxr-xr-x. 2 student student    6 Jan 23  2024 Pictures
drwxr-xr-x. 2 student student    6 Jan 23  2024 Public
drwxr-xr-x. 2 student student    6 Jan 23  2024 Templates
-rw-r--r--. 1 student student   72 Mar  3 07:49 Untitled.ipynb
-rw-r--r--. 1 student student   72 Mar  3 09:06 Untitled1.ipynb
drwxr-xr-x. 2 student student    6 Jan 23  2024 Videos
-rw-r--r--. 1 student student 1587 Mar  3 09:27 client.yaml
-rw-r--r--. 1 student student 1053 Mar  3 09:27 save.yaml
-rw-r--r--. 1 student student 1587 Mar  3 09:27 server.yaml
[student@workstation ~]$ cat client.yaml 
apiVersion: apps/v1
kind: Deployment
metadata:
  annotations:
    kubectl.kubernetes.io/last-applied-configuration: |
      {"kind":"Deployment","apiVersion":"apps/v1","metadata":{"name":"hello-openshift","creationTimestamp":null,"labels":{"app":"hello-openshift"}},"spec":{"replicas":1,"selector":{"matchLabels":{"app":"hello-openshift"}},"template":{"metadata":{"creationTimestamp":null,"labels":{"app":"hello-openshift"}},"spec":{"containers":[{"name":"hello-world-nginx","image":"registry.ocp4.example.com:8443/redhattraining/hello-world-nginx:v1.0","resources":{}}]}},"strategy":{}},"status":{}}
  creationTimestamp: "2025-03-03T14:27:41Z"
  generation: 1
  labels:
    app: hello-openshift
  name: hello-openshift
  namespace: vikas
  uid: cb2e4280-bb41-4a63-b8e9-09b6137d79d3
spec:
  progressDeadlineSeconds: 600
  replicas: 1
  revisionHistoryLimit: 10
  selector:
    matchLabels:
      app: hello-openshift
  strategy:
    rollingUpdate:
      maxSurge: 25%
      maxUnavailable: 25%
    type: RollingUpdate
  template:
    metadata:
      creationTimestamp: null
      labels:
        app: hello-openshift
    spec:
      containers:
      - image: registry.ocp4.example.com:8443/redhattraining/hello-world-nginx:v1.0
        imagePullPolicy: IfNotPresent
        name: hello-world-nginx
        resources: {}
        terminationMessagePath: /dev/termination-log
        terminationMessagePolicy: File
      dnsPolicy: ClusterFirst
      restartPolicy: Always
      schedulerName: default-scheduler
      securityContext: {}
      terminationGracePeriodSeconds: 30
status: {}
[student@workstation ~]$ sdiff client.yaml server.yaml 
apiVersion: apps/v1                                             apiVersion: apps/v1
kind: Deployment                                                kind: Deployment
metadata:                                                       metadata:
  annotations:                                                    annotations:
    kubectl.kubernetes.io/last-applied-configuration: |             kubectl.kubernetes.io/last-applied-configuration: |
      {"kind":"Deployment","apiVersion":"apps/v1","metadata":         {"kind":"Deployment","apiVersion":"apps/v1","metadata":
  creationTimestamp: "2025-03-03T14:27:41Z"                   |   creationTimestamp: "2025-03-03T14:27:58Z"
  generation: 1                                                   generation: 1
  labels:                                                         labels:
    app: hello-openshift                                            app: hello-openshift
  name: hello-openshift                                           name: hello-openshift
  namespace: vikas                                                namespace: vikas
  uid: cb2e4280-bb41-4a63-b8e9-09b6137d79d3                   |   uid: 3e2f1ccb-875a-4f6a-aa9e-3ef0ad27d3bb
spec:                                                           spec:
  progressDeadlineSeconds: 600                                    progressDeadlineSeconds: 600
  replicas: 1                                                     replicas: 1
  revisionHistoryLimit: 10                                        revisionHistoryLimit: 10
  selector:                                                       selector:
    matchLabels:                                                    matchLabels:
      app: hello-openshift                                            app: hello-openshift
  strategy:                                                       strategy:
    rollingUpdate:                                                  rollingUpdate:
      maxSurge: 25%                                                   maxSurge: 25%
      maxUnavailable: 25%                                             maxUnavailable: 25%
    type: RollingUpdate                                             type: RollingUpdate
  template:                                                       template:
    metadata:                                                       metadata:
      creationTimestamp: null                                         creationTimestamp: null
      labels:                                                         labels:
        app: hello-openshift                                            app: hello-openshift
    spec:                                                           spec:
      containers:                                                     containers:
      - image: registry.ocp4.example.com:8443/redhattraining/         - image: registry.ocp4.example.com:8443/redhattraining/
        imagePullPolicy: IfNotPresent                                   imagePullPolicy: IfNotPresent
        name: hello-world-nginx                                         name: hello-world-nginx
        resources: {}                                                   resources: {}
        terminationMessagePath: /dev/termination-log                    terminationMessagePath: /dev/termination-log
        terminationMessagePolicy: File                                  terminationMessagePolicy: File
      dnsPolicy: ClusterFirst                                         dnsPolicy: ClusterFirst
      restartPolicy: Always                                           restartPolicy: Always
      schedulerName: default-scheduler                                schedulerName: default-scheduler
      securityContext: {}                                             securityContext: {}
      terminationGracePeriodSeconds: 30                               terminationGracePeriodSeconds: 30
status: {}                                                      status: {}
[student@workstation ~]$ sdiff client.yaml save.yaml 
apiVersion: apps/v1                                             apiVersion: apps/v1
kind: Deployment                                                kind: Deployment
metadata:                                                       metadata:
  annotations:                                                    annotations:
    kubectl.kubernetes.io/last-applied-configuration: |             kubectl.kubernetes.io/last-applied-configuration: |
      {"kind":"Deployment","apiVersion":"apps/v1","metadata":         {"kind":"Deployment","apiVersion":"apps/v1","metadata":
  creationTimestamp: "2025-03-03T14:27:41Z"                   |   creationTimestamp: null
  generation: 1                                               <
  labels:                                                         labels:
    app: hello-openshift                                            app: hello-openshift
  name: hello-openshift                                           name: hello-openshift
  namespace: vikas                                            <
  uid: cb2e4280-bb41-4a63-b8e9-09b6137d79d3                   <
spec:                                                           spec:
  progressDeadlineSeconds: 600                                <
  replicas: 1                                                     replicas: 1
  revisionHistoryLimit: 10                                    <
  selector:                                                       selector:
    matchLabels:                                                    matchLabels:
      app: hello-openshift                                            app: hello-openshift
  strategy:                                                   |   strategy: {}
    rollingUpdate:                                            <
      maxSurge: 25%                                           <
      maxUnavailable: 25%                                     <
    type: RollingUpdate                                       <
  template:                                                       template:
    metadata:                                                       metadata:
      creationTimestamp: null                                         creationTimestamp: null
      labels:                                                         labels:
        app: hello-openshift                                            app: hello-openshift
    spec:                                                           spec:
      containers:                                                     containers:
      - image: registry.ocp4.example.com:8443/redhattraining/         - image: registry.ocp4.example.com:8443/redhattraining/
        imagePullPolicy: IfNotPresent                         <
        name: hello-world-nginx                                         name: hello-world-nginx
        resources: {}                                                   resources: {}
        terminationMessagePath: /dev/termination-log          <
        terminationMessagePolicy: File                        <
      dnsPolicy: ClusterFirst                                 <
      restartPolicy: Always                                   <
      schedulerName: default-scheduler                        <
      securityContext: {}                                     <
      terminationGracePeriodSeconds: 30                       <
status: {}                                                      status: {}
[student@workstation ~]$ 
===========================================================================================================================================================================





[student@workstation ~]$ 
[student@workstation ~]$ 
[student@workstation ~]$ 
[student@workstation ~]$ 
[student@workstation ~]$ 
[student@workstation ~]$ 
[student@workstation ~]$ 
[student@workstation ~]$ 
[student@workstation ~]$ 
[student@workstation ~]$ 
[student@workstation ~]$ 
[student@workstation ~]$ 
[student@workstation ~]$ 
[student@workstation ~]$ 
[student@workstation ~]$ 
[student@workstation ~]$ 
[student@workstation ~]$  lab start declarative-manifests
SUCCESS Waiting for cluster
SUCCESS Remove declarative-manifests project
SUCCESS Copy exercise files
SUCCESS Create git repository
SUCCESS Prepare git repository
[student@workstation ~]$ ls 
DO280    Documents  Music     Public     Untitled.ipynb   Videos       save.yaml
Desktop  Downloads  Pictures  Templates  Untitled1.ipynb  client.yaml  server.yaml
[student@workstation ~]$ oc login -u developer -p developer \
  https://api.ocp4.example.com:6443
Login successful.

You don't have any projects. You can try to create a new project, by running

    oc new-project <projectname>

[student@workstation ~]$ oc new-project declarative-manifests
Now using project "declarative-manifests" on server "https://api.ocp4.example.com:6443".

You can add applications to this project with the 'new-app' command. For example, try:

    oc new-app rails-postgresql-example

to build a new example application in Ruby. Or use kubectl to deploy a simple Kubernetes application:

    kubectl create deployment hello-node --image=registry.k8s.io/e2e-test-images/agnhost:2.43 -- /agnhost serve-hostname

[student@workstation ~]$ oc get pods 
No resources found in declarative-manifests namespace.
[student@workstation ~]$ cd ~/DO280/labs
[student@workstation labs]$ ll
total 0
drwxr-xr-x. 3 student student 35 Mar  3 08:06 declarative-manifests
[student@workstation labs]$ git clone \
  https://git.ocp4.example.com/developer/declarative-manifests.git
fatal: destination path 'declarative-manifests' already exists and is not an empty directory.
[student@workstation labs]$ ls 
declarative-manifests
[student@workstation labs]$ cd declarative-manifests/
[student@workstation declarative-manifests]$ ll
total 0
drwxr-xr-x. 3 student student 104 Mar  3 08:15 declarative-manifests
[student@workstation declarative-manifests]$ cd declarative-manifests/ll
-bash: cd: declarative-manifests/ll: No such file or directory
[student@workstation declarative-manifests]$ cd declarative-manifests/
[student@workstation declarative-manifests]$ ll
total 12
-rw-r--r--. 1 student student   11 Mar  3 08:06 README.md
-rw-r--r--. 1 student student 3443 Mar  3 08:06 database.yaml
-rw-r--r--. 1 student student 2278 Mar  3 08:06 exoplanets.yaml
-rw-r--r--. 1 student student    0 Mar  3 08:15 o
[student@workstation declarative-manifests]$  ls -lA
total 12
drwxr-xr-x. 8 student student  163 Mar  3 08:06 .git
-rw-r--r--. 1 student student    0 Mar  3 08:06 .gitkeep
-rw-r--r--. 1 student student   11 Mar  3 08:06 README.md
-rw-r--r--. 1 student student 3443 Mar  3 08:06 database.yaml
-rw-r--r--. 1 student student 2278 Mar  3 08:06 exoplanets.yaml
-rw-r--r--. 1 student student    0 Mar  3 08:15 o
[student@workstation declarative-manifests]$ git log --oneline
78fb967 (HEAD -> main, tag: third, origin/v1.1.1, origin/main, origin/HEAD) Exoplanets v1.1.1
c379f37 Database v1.1.1
b77c910 (tag: second, origin/v1.1.0) Exoplanets v1.1.0
b74d38c (tag: first, origin/v1.0) Exoplanets v1.0
0edc11f Database v1.0
1e8d1ed README
79febf3 Initial commit
[student@workstation declarative-manifests]$ git checkout v1.0
branch 'v1.0' set up to track 'origin/v1.0'.
Switched to a new branch 'v1.0'
[student@workstation declarative-manifests]$ git status 
On branch v1.0
Your branch is up to date with 'origin/v1.0'.

Untracked files:
  (use "git add <file>..." to include in what will be committed)
        o

nothing added to commit but untracked files present (use "git add" to track)
[student@workstation declarative-manifests]$ git log v1.0
commit b74d38cb2eb723a10d382ffd1d22127014d78e97 (HEAD -> v1.0, tag: first, origin/v1.0)
Author: Student User <student@workstation.lab.example.com>
Date:   Mon Mar 3 08:01:23 2025 -0500

    Exoplanets v1.0

commit 0edc11ffc6fac9aecb552ec2f36692ce108a2054
Author: Student User <student@workstation.lab.example.com>
Date:   Mon Mar 3 08:01:23 2025 -0500

    Database v1.0

commit 1e8d1ed46e068ed837c47ae794f5afa3f0135ac4
Author: Student User <student@workstation.lab.example.com>
Date:   Mon Mar 3 08:01:23 2025 -0500

    README

commit 79febf35d726f4675235bbe17a9d560ef691587e
Author: Student User <student@workstation.lab.example.com>
Date:   Mon Mar 3 08:01:23 2025 -0500

    Initial commit
[student@workstation declarative-manifests]$ oc apply -f . \
  --validate=true --dry-run=server
configmap/database created (server dry run)
secret/database created (server dry run)
deployment.apps/database created (server dry run)
service/database created (server dry run)
configmap/exoplanets created (server dry run)
secret/exoplanets created (server dry run)
deployment.apps/exoplanets created (server dry run)
service/exoplanets created (server dry run)
route.route.openshift.io/exoplanets created (server dry run)
[student@workstation declarative-manifests]$ oc apply -f .
configmap/database created
secret/database created
deployment.apps/database created
service/database created
configmap/exoplanets created
secret/exoplanets created
deployment.apps/exoplanets created
service/exoplanets created
route.route.openshift.io/exoplanets created
[student@workstation declarative-manifests]$  watch oc get deployments,pods
[student@workstation declarative-manifests]$ ^C
[student@workstation declarative-manifests]$ ^C
[student@workstation declarative-manifests]$  oc get deployments,pods
NAME                         READY   UP-TO-DATE   AVAILABLE   AGE
deployment.apps/database     1/1     1            1           73s
deployment.apps/exoplanets   1/1     1            1           73s

NAME                              READY   STATUS    RESTARTS      AGE
pod/database-68b799596c-lptw2     1/1     Running   0             73s
pod/exoplanets-857b9968c9-bs4nx   1/1     Running   3 (46s ago)   73s
[student@workstation declarative-manifests]$ oc get routes
NAME         HOST/PORT                                                PATH   SERVICES     PORT    TERMINATION   WILDCARD
exoplanets   exoplanets-declarative-manifests.apps.ocp4.example.com          exoplanets   <all>                 None
[student@workstation declarative-manifests]$ oc get routes -l 
error: flag needs an argument: 'l' in -l
See 'oc get --help' for usage.
[student@workstation declarative-manifests]$ oc get routes -l app=exoplanets
NAME         HOST/PORT                                                PATH   SERVICES     PORT    TERMINATION   WILDCARD
exoplanets   exoplanets-declarative-manifests.apps.ocp4.example.com          exoplanets   <all>                 None
[student@workstation declarative-manifests]$ git checkout v1.1.0
branch 'v1.1.0' set up to track 'origin/v1.1.0'.
Switched to a new branch 'v1.1.0'
[student@workstation declarative-manifests]$ oc diff -f .
diff -u -N /tmp/LIVE-3144789821/apps.v1.Deployment.declarative-manifests.exoplanets /tmp/MERGED-990752118/apps.v1.Deployment.declarative-manifests.exoplanets
--- /tmp/LIVE-3144789821/apps.v1.Deployment.declarative-manifests.exoplanets    2025-03-03 11:16:48.447071200 -0500
+++ /tmp/MERGED-990752118/apps.v1.Deployment.declarative-manifests.exoplanets   2025-03-03 11:16:48.449071226 -0500
@@ -3,11 +3,12 @@
 metadata:
   annotations:
     deployment.kubernetes.io/revision: "1"
+    description: Defines how to deploy the application server
     kubectl.kubernetes.io/last-applied-configuration: |
       {"apiVersion":"apps/v1","kind":"Deployment","metadata":{"annotations":{"template.alpha.openshift.io/wait-for-ready":"true"},"labels":{"app":"exoplanets"},"name":"exoplanets","namespace":"declarative-manifests"},"spec":{"replicas":1,"selector":{"matchLabels":{"app":"exoplanets"}},"strategy":{"type":"Recreate"},"template":{"metadata":{"labels":{"app":"exoplanets"},"name":"exoplanets"},"spec":{"containers":[{"envFrom":[{"configMapRef":{"name":"exoplanets"}},{"secretRef":{"name":"exoplanets"}}],"image":"registry.ocp4.example.com:8443/redhattraining/exoplanets:v1.0","imagePullPolicy":"Always","livenessProbe":{"httpGet":{"path":"/healthz","port":8080},"initialDelaySeconds":20,"periodSeconds":30,"timeoutSeconds":3},"name":"exoplanets","ports":[{"containerPort":8080}],"readinessProbe":{"httpGet":{"path":"/healthz","port":8080},"initialDelaySeconds":3,"periodSeconds":10,"timeoutSeconds":3},"resources":{"limits":{"memory":"1Gi"}},"securityContext":{"allowPrivilegeEscalation":false,"capabilities":{"drop":["ALL"]},"privileged":false,"runAsNonRoot":true,"seccompProfile":{"type":"RuntimeDefault"}}}]}}}}
     template.alpha.openshift.io/wait-for-ready: "true"
   creationTimestamp: "2025-03-03T16:06:36Z"
-  generation: 1
+  generation: 2
   labels:
     app: exoplanets
   name: exoplanets
@@ -36,7 +37,7 @@
             name: exoplanets
         - secretRef:
             name: exoplanets
-        image: registry.ocp4.example.com:8443/redhattraining/exoplanets:v1.0
+        image: registry.ocp4.example.com:8443/redhattraining/exoplanets:v1.1.0
         imagePullPolicy: Always
         livenessProbe:
           failureThreshold: 3
[student@workstation declarative-manifests]$  oc apply -f .
configmap/database unchanged
secret/database configured
deployment.apps/database configured
service/database configured
configmap/exoplanets unchanged
secret/exoplanets configured
deployment.apps/exoplanets configured
service/exoplanets unchanged
route.route.openshift.io/exoplanets configured
[student@workstation declarative-manifests]$ watch oc get deployments,pods
[student@workstation declarative-manifests]$  oc get deployments,pods
NAME                         READY   UP-TO-DATE   AVAILABLE   AGE
deployment.apps/database     1/1     1            1           11m
deployment.apps/exoplanets   1/1     1            1           11m

NAME                              READY   STATUS    RESTARTS   AGE
pod/database-68b799596c-lptw2     1/1     Running   0          11m
pod/exoplanets-84755876cd-hsv2d   1/1     Running   0          38s
[student@workstation declarative-manifests]$ oc get routes -l app=exoplanets
NAME         HOST/PORT                                                PATH   SERVICES     PORT    TERMINATION   WILDCARD
exoplanets   exoplanets-declarative-manifests.apps.ocp4.example.com          exoplanets   <all>                 None
[student@workstation declarative-manifests]$  watch oc get deployments,pods
[student@workstation declarative-manifests]$ git checkout v1.1.1
branch 'v1.1.1' set up to track 'origin/v1.1.1'.
Switched to a new branch 'v1.1.1'
[student@workstation declarative-manifests]$  oc diff -f .
diff -u -N /tmp/LIVE-890392962/apps.v1.Deployment.declarative-manifests.exoplanets /tmp/MERGED-136759921/apps.v1.Deployment.declarative-manifests.exoplanets
--- /tmp/LIVE-890392962/apps.v1.Deployment.declarative-manifests.exoplanets     2025-03-03 11:20:00.999598220 -0500
+++ /tmp/MERGED-136759921/apps.v1.Deployment.declarative-manifests.exoplanets   2025-03-03 11:20:01.000598234 -0500
@@ -8,7 +8,7 @@
       {"apiVersion":"apps/v1","kind":"Deployment","metadata":{"annotations":{"description":"Defines how to deploy the application server","template.alpha.openshift.io/wait-for-ready":"true"},"labels":{"app":"exoplanets"},"name":"exoplanets","namespace":"declarative-manifests"},"spec":{"replicas":1,"selector":{"matchLabels":{"app":"exoplanets"}},"strategy":{"type":"Recreate"},"template":{"metadata":{"labels":{"app":"exoplanets"},"name":"exoplanets"},"spec":{"containers":[{"envFrom":[{"configMapRef":{"name":"exoplanets"}},{"secretRef":{"name":"exoplanets"}}],"image":"registry.ocp4.example.com:8443/redhattraining/exoplanets:v1.1.0","imagePullPolicy":"Always","livenessProbe":{"httpGet":{"path":"/healthz","port":8080},"initialDelaySeconds":20,"periodSeconds":30,"timeoutSeconds":3},"name":"exoplanets","ports":[{"containerPort":8080}],"readinessProbe":{"httpGet":{"path":"/healthz","port":8080},"initialDelaySeconds":3,"periodSeconds":10,"timeoutSeconds":3},"resources":{"limits":{"memory":"1Gi"}},"securityContext":{"allowPrivilegeEscalation":false,"capabilities":{"drop":["ALL"]},"privileged":false,"runAsNonRoot":true,"seccompProfile":{"type":"RuntimeDefault"}}}]}}}}
     template.alpha.openshift.io/wait-for-ready: "true"
   creationTimestamp: "2025-03-03T16:06:36Z"
-  generation: 2
+  generation: 3
   labels:
     app: exoplanets
   name: exoplanets
@@ -37,7 +37,7 @@
             name: exoplanets
         - secretRef:
             name: exoplanets
-        image: registry.ocp4.example.com:8443/redhattraining/exoplanets:v1.1.0
+        image: registry.ocp4.example.com:8443/redhattraining/exoplanets:v1.1.1
         imagePullPolicy: Always
         livenessProbe:
           failureThreshold: 3
diff -u -N /tmp/LIVE-890392962/v1.Secret.declarative-manifests.database /tmp/MERGED-136759921/v1.Secret.declarative-manifests.database
--- /tmp/LIVE-890392962/v1.Secret.declarative-manifests.database        2025-03-03 11:20:00.930597317 -0500
+++ /tmp/MERGED-136759921/v1.Secret.declarative-manifests.database      2025-03-03 11:20:00.930597317 -0500
@@ -3,7 +3,7 @@
   database-admin-password: '***'
   database-name: '***'
   database-password: '***'
-  database-user: '*** (before)'
+  database-user: '*** (after)'
 kind: Secret
 metadata:
   annotations:
diff -u -N /tmp/LIVE-890392962/v1.Secret.declarative-manifests.exoplanets /tmp/MERGED-136759921/v1.Secret.declarative-manifests.exoplanets
--- /tmp/LIVE-890392962/v1.Secret.declarative-manifests.exoplanets      2025-03-03 11:20:00.985598037 -0500
+++ /tmp/MERGED-136759921/v1.Secret.declarative-manifests.exoplanets    2025-03-03 11:20:00.985598037 -0500
@@ -3,7 +3,7 @@
   DB_ADMIN_PASSWORD: '***'
   DB_NAME: '***'
   DB_PASSWORD: '***'
-  DB_USER: '*** (before)'
+  DB_USER: '*** (after)'
 kind: Secret
 metadata:
   annotations:
[student@workstation declarative-manifests]$ oc get pods
NAME                          READY   STATUS    RESTARTS   AGE
database-68b799596c-lptw2     1/1     Running   0          13m
exoplanets-84755876cd-hsv2d   1/1     Running   0          3m11s
[student@workstation declarative-manifests]$ oc apply -f .
configmap/database unchanged
secret/database configured
deployment.apps/database configured
service/database configured
configmap/exoplanets unchanged
secret/exoplanets configured
deployment.apps/exoplanets configured
service/exoplanets unchanged
route.route.openshift.io/exoplanets configured
[student@workstation declarative-manifests]$ oc get pods
NAME                          READY   STATUS             RESTARTS      AGE
database-68b799596c-lptw2     1/1     Running            0             14m
exoplanets-55c658855c-4nq5b   0/1     CrashLoopBackOff   1 (10s ago)   16s
[student@workstation declarative-manifests]$ oc get pods
NAME                          READY   STATUS             RESTARTS      AGE
database-68b799596c-lptw2     1/1     Running            0             14m
exoplanets-55c658855c-4nq5b   0/1     CrashLoopBackOff   2 (11s ago)   36s
[student@workstation declarative-manifests]$ oc get pods
NAME                          READY   STATUS             RESTARTS      AGE
database-68b799596c-lptw2     1/1     Running            0             14m
exoplanets-55c658855c-4nq5b   0/1     CrashLoopBackOff   2 (13s ago)   38s
[student@workstation declarative-manifests]$ oc get pods
NAME                          READY   STATUS             RESTARTS      AGE
database-68b799596c-lptw2     1/1     Running            0             14m
exoplanets-55c658855c-4nq5b   0/1     CrashLoopBackOff   2 (15s ago)   40s
[student@workstation declarative-manifests]$ oc get pods
NAME                          READY   STATUS             RESTARTS      AGE
database-68b799596c-lptw2     1/1     Running            0             14m
exoplanets-55c658855c-4nq5b   0/1     CrashLoopBackOff   2 (16s ago)   41s
[student@workstation declarative-manifests]$ oc get pods
NAME                          READY   STATUS             RESTARTS      AGE
database-68b799596c-lptw2     1/1     Running            0             15m
exoplanets-55c658855c-4nq5b   0/1     CrashLoopBackOff   2 (22s ago)   47s
[student@workstation declarative-manifests]$ oc get pods
NAME                          READY   STATUS             RESTARTS      AGE
database-68b799596c-lptw2     1/1     Running            0             15m
exoplanets-55c658855c-4nq5b   0/1     CrashLoopBackOff   2 (24s ago)   49s
[student@workstation declarative-manifests]$ oc get pods
NAME                          READY   STATUS             RESTARTS     AGE
database-68b799596c-lptw2     1/1     Running            0            16m
exoplanets-55c658855c-4nq5b   0/1     CrashLoopBackOff   4 (8s ago)   112s
[student@workstation declarative-manifests]$ oc get pods
NAME                          READY   STATUS             RESTARTS      AGE
database-68b799596c-lptw2     1/1     Running            0             16m
exoplanets-55c658855c-4nq5b   0/1     CrashLoopBackOff   4 (10s ago)   114s
[student@workstation declarative-manifests]$ oc get deployments
NAME         READY   UP-TO-DATE   AVAILABLE   AGE
database     1/1     1            1           16m
exoplanets   0/1     1            0           16m
[student@workstation declarative-manifests]$ oc rollout restart  
  deployment/database
error: required resource not specified
-bash: deployment/database: No such file or directory
[student@workstation declarative-manifests]$ oc rollout restart \
  deployment/database
deployment.apps/database restarted
[student@workstation declarative-manifests]$ oc get deployments
NAME         READY   UP-TO-DATE   AVAILABLE   AGE
database     0/1     1            0           17m
exoplanets   0/1     1            0           17m
[student@workstation declarative-manifests]$ oc rollout restart \
  deployment/exoplanets
deployment.apps/exoplanets restarted
[student@workstation declarative-manifests]$ oc get deployments
NAME         READY   UP-TO-DATE   AVAILABLE   AGE
database     1/1     1            1           17m
exoplanets   0/1     1            0           17m
[student@workstation declarative-manifests]$ oc get deployments
NAME         READY   UP-TO-DATE   AVAILABLE   AGE
database     1/1     1            1           17m
exoplanets   0/1     1            0           17m
[student@workstation declarative-manifests]$ oc get deployments
NAME         READY   UP-TO-DATE   AVAILABLE   AGE
database     1/1     1            1           17m
exoplanets   1/1     1            1           17m
[student@workstation declarative-manifests]$  oc get deployment \
  exoplanets -o yaml
apiVersion: apps/v1
kind: Deployment
metadata:
  annotations:
    deployment.kubernetes.io/revision: "4"
    description: Defines how to deploy the application server
    kubectl.kubernetes.io/last-applied-configuration: |
      {"apiVersion":"apps/v1","kind":"Deployment","metadata":{"annotations":{"description":"Defines how to deploy the application server","template.alpha.openshift.io/wait-for-ready":"true"},"labels":{"app":"exoplanets"},"name":"exoplanets","namespace":"declarative-manifests"},"spec":{"replicas":1,"selector":{"matchLabels":{"app":"exoplanets"}},"strategy":{"type":"Recreate"},"template":{"metadata":{"labels":{"app":"exoplanets"},"name":"exoplanets"},"spec":{"containers":[{"envFrom":[{"configMapRef":{"name":"exoplanets"}},{"secretRef":{"name":"exoplanets"}}],"image":"registry.ocp4.example.com:8443/redhattraining/exoplanets:v1.1.1","imagePullPolicy":"Always","livenessProbe":{"httpGet":{"path":"/healthz","port":8080},"initialDelaySeconds":20,"periodSeconds":30,"timeoutSeconds":3},"name":"exoplanets","ports":[{"containerPort":8080}],"readinessProbe":{"httpGet":{"path":"/healthz","port":8080},"initialDelaySeconds":3,"periodSeconds":10,"timeoutSeconds":3},"resources":{"limits":{"memory":"1Gi"}},"securityContext":{"allowPrivilegeEscalation":false,"capabilities":{"drop":["ALL"]},"privileged":false,"runAsNonRoot":true,"seccompProfile":{"type":"RuntimeDefault"}}}]}}}}
    template.alpha.openshift.io/wait-for-ready: "true"
  creationTimestamp: "2025-03-03T16:06:36Z"
  generation: 4
  labels:
    app: exoplanets
  name: exoplanets
  namespace: declarative-manifests
  resourceVersion: "154938"
  uid: 9dc15599-7957-4eb7-80b4-28081741a22f
spec:
  progressDeadlineSeconds: 600
  replicas: 1
  revisionHistoryLimit: 10
  selector:
    matchLabels:
      app: exoplanets
  strategy:
    type: Recreate
  template:
    metadata:
      annotations:
        kubectl.kubernetes.io/restartedAt: "2025-03-03T11:24:10-05:00"
      creationTimestamp: null
      labels:
        app: exoplanets
      name: exoplanets
    spec:
      containers:
      - envFrom:
        - configMapRef:
            name: exoplanets
        - secretRef:
            name: exoplanets
        image: registry.ocp4.example.com:8443/redhattraining/exoplanets:v1.1.1
        imagePullPolicy: Always
        livenessProbe:
          failureThreshold: 3
          httpGet:
            path: /healthz
            port: 8080
            scheme: HTTP
          initialDelaySeconds: 20
          periodSeconds: 30
          successThreshold: 1
          timeoutSeconds: 3
        name: exoplanets
        ports:
        - containerPort: 8080
          protocol: TCP
        readinessProbe:
          failureThreshold: 3
          httpGet:
            path: /healthz
            port: 8080
            scheme: HTTP
          initialDelaySeconds: 3
          periodSeconds: 10
          successThreshold: 1
          timeoutSeconds: 3
        resources:
          limits:
            memory: 1Gi
        securityContext:
          allowPrivilegeEscalation: false
          capabilities:
            drop:
            - ALL
          privileged: false
          runAsNonRoot: true
          seccompProfile:
            type: RuntimeDefault
        terminationMessagePath: /dev/termination-log
        terminationMessagePolicy: File
      dnsPolicy: ClusterFirst
      restartPolicy: Always
      schedulerName: default-scheduler
      securityContext: {}
      terminationGracePeriodSeconds: 30
status:
  availableReplicas: 1
  conditions:
  - lastTransitionTime: "2025-03-03T16:24:22Z"
    lastUpdateTime: "2025-03-03T16:24:22Z"
    message: Deployment has minimum availability.
    reason: MinimumReplicasAvailable
    status: "True"
    type: Available
  - lastTransitionTime: "2025-03-03T16:06:36Z"
    lastUpdateTime: "2025-03-03T16:24:22Z"
    message: ReplicaSet "exoplanets-7d9f7d4b7d" has successfully progressed.
    reason: NewReplicaSetAvailable
    status: "True"
    type: Progressing
  observedGeneration: 4
  readyReplicas: 1
  replicas: 1
  updatedReplicas: 1
[student@workstation declarative-manifests]$ oc delete -f .
configmap "database" deleted
secret "database" deleted
deployment.apps "database" deleted
service "database" deleted
configmap "exoplanets" deleted
secret "exoplanets" deleted
deployment.apps "exoplanets" deleted
service "exoplanets" deleted
route.route.openshift.io "exoplanets" deleted
[student@workstation declarative-manifests]$ lab finish declarative-manifests
SUCCESS Waiting for cluster
SUCCESS Remove declarative-manifests project
SUCCESS Remove lab files
[student@workstation declarative-manifests]$ 
